139 ............................................................................................................................................
138 ............................................................................................................................................
137 ................................................┌┐..........................................................................................
136 ................................................││..........┌┐.........................................┌┐......┌┐...........................
135 ................................┌┐....┌┐......┌┐││..........││.......................................┌─┘│......││...........................
134 ...............................┌┘│.┌──┘│┌┐....││││.........┌┘└┐......................................└─┐└┐.....││...........................
133 ...............................└┐│.└┐┌─┘│└─┐.┌┘││└─┐┌┐..┌┐┌┘┌─┘........................................└┐└┐....│└┐..........................
132 ........................┌─┐..┌─┐││.┌┘│.┌┘┌─┘.└┐││┌┐││└─┐│└┘┌┘.......................┌┐...┌┐..┌┐....┌──┐.└┐└─┐.┌┘┌┘┌┐........................
131 .......................┌┘┌┘..└┐││└┐└┐│.└┐│..┌┐│└┘│└┘│┌─┘└─┐│........................│└┐..││.┌┘└┐...└─┐└┐┌┘┌─┘┌┘┌┘.││........................
130 .......................└┐│┌┐┌┐│└┘┌┘┌┘└┐┌┘│┌┐│││┌─┘┌┐│└┐...│└─┐.............┌┐.....┌┐│┌┘.┌┘└┐│┌─┘...┌┐│┌┘│┌┘..└┐└┐┌┘└┐.......................
129 .......................┌┘│││││└─┐└┐└┐┌┘│┌┘│└┘│││┌─┘││┌┘.┌─┘┌─┘.............││.┌┐┌─┘└┘└─┐│┌─┘││.┌┐┌─┘└┘└─┘│┌┐┌┐│┌┘│┌─┘.......................
128 .....................┌┐└┐│││││.┌┘┌┘.│└┐│└┐└─┐└┘│└┐┌┘│└┐.└─┐│┌┐.............││┌┘││┌┐┌──┐│││.┌┘└┐││└┐┌┐┌──┐└┘│││││.││┌┐┌┐.....................
127 .....................│└─┘│││││┌┘┌┘┌─┘┌┘└┐│┌┐└┐┌┘┌┘└┐│┌┘┌─┐││││.......┌┐..┌┐││└┐│└┘└┘┌┐│││└┐│┌─┘││.││└┘┌┐│┌─┘││││┌┘└┘└┘│.....................
126 .....................└──┐││││└┘┌┘.└┐┌┘..│└┘└─┘│┌┘┌┐│││.└┐││││└┐┌┐....││┌┐│└┘│┌┘│┌┐┌─┘││││┌┘││.┌┘└┐└┘┌┐││││.┌┘││└┘┌┐┌┐┌┘.....................
125 ....................┌┐.┌┘└┘└┘┌─┘┌┐┌┘└─┐.└───┐┌┘│┌┘└┘││┌─┘││││┌┘│└──┐┌┘│││└┐┌┘│┌┘││└─┐└┘└┘└─┘│┌┘┌─┘.┌┘└┘└┘└┐└┐││┌─┘└┘└┘......................
124 ..................┌─┘└─┘┌───┐└─┐││└┐┌─┘┌┐.┌─┘│.│└─┐.│││┌─┘│││└┐│┌──┘└┐││└┐││┌┘│┌┘│┌┐└───┐┌┐┌┘│┌┘.┌┐└┐┌───┐└┐│└┘└──┐┌──┐.....................
123 ..................└┐┌───┘┌┐┌┘┌─┘││┌┘└┐┌┘└┐│┌┐└┐│┌─┘┌┘││└─┐││└┐└┘└┐┌┐┌┘│└┐││└┘┌┘└┐│││.┌──┘│└┘┌┘└─┐│└┐└┘┌──┘┌┘│┌────┘└┐┌┘.....................
122 .................┌┐└┘.┌┐┌┘└┘┌┘┌┐││└┐┌┘│┌─┘└┘│┌┘││┌─┘┌┘└┐┌┘│└┐│┌──┘│││┌┘┌┘└┘┌─┘.┌┘└┘└┐└──┐│┌┐└┐┌─┘│┌┘..└──┐│┌┘└─┐┌┐┌┐││┌┐....................
121 ...........┌┐.┌┐┌┘└┐┌─┘│└──┐│.│└┘│┌┘└─┘│┌─┐┌┘└┐││└─┐│┌┐│└┐└┐└┘└─┐┌┘│││.└─┐┌┘┌─┐│┌─┐┌┘.┌─┘└┘└┐││┌┐│└┐.┌┐┌─┘└┘┌──┘││││││││....................
120 ...........│└─┘└┘┌─┘└─┐│.┌─┘└┐│┌─┘│┌───┘└┐│└─┐│││┌┐│││││┌┘.└─┐┌─┘│┌┘││┌─┐││┌┘┌┘│└┐└┘┌┐└─┐┌──┘││││└┐└┐││└─┐┌─┘┌┐.│└┘└┘││└─┐..................
119 ...........└────┐└┐.┌─┘└─┘┌─┐││└┐┌┘└─┐┌┐┌┘│┌┐│└┘││││└┘└┘└─┐┌┐│└──┘└┐││└┐└┘│└┐│┌┘┌┘┌─┘└──┘└┐.┌┘└┘│.│┌┘││┌┐││┌─┘└┐│┌───┘│┌─┘...┌┐.............
118 ..............┌┐└┐└─┘┌┐┌──┘┌┘└┘┌┘└┐┌─┘│││┌┘││└─┐││││┌──┐┌─┘│││┌────┘│└┐└─┐└─┘│└┐└┐└─────┐┌┘┌┘┌──┘┌┘└─┘└┘└┘││┌──┘││.┌──┘└┐..┌┐││.............
117 .............┌┘└┐└───┘└┘┌┐┌┘┌──┘┌─┘└┐.│││└┐││┌─┘│││││┌┐└┘┌┐│││└──┐┌┐└┐│.┌┘┌──┘┌┘┌┘┌─┐┌──┘└┐└┐└┐┌┐└───────┐│││┌┐┌┘└┐│┌─┐┌┘┌┐│││└┐............
116 .............└─┐│.┌────┐││└┐└──┐└──┐└┐││└┐└┘│└─┐││└┘└┘└┐.│└┘││┌──┘││┌┘└┐└┐│┌┐.└┐└┐└┐└┘┌─┐┌┘.└┐│││.┌┐┌┐┌──┘└┘││└┘┌─┘││.└┘┌┘││││┌┘............
115 ..............┌┘└┐└───┐└┘└─┘┌──┘.┌┐└┐││└┐│┌─┘┌┐││└┐┌──┐└┐└─┐│││┌┐.││└─┐└┐│││└─┐└┐└┐└─┐│┌┘└─┐┌┘└┘│┌┘└┘│└────┐││┌┐└┐.│└┐┌─┘┌┘│└┘└─┐...........
114 ........┌┐.┌┐.└┐┌┘┌┐┌┐└────┐│┌┐┌┐││┌┘│└┐││└┐┌┘││└┐│└─┐└─┘┌─┘└┘└┘│┌┘└──┘┌┘│││┌─┘.└┐│┌┐││└┐┌─┘└┐┌─┘└──┐│┌┐┌─┐││││└┐└┐│┌┘│┌─┘┌┘┌──┐└┐..........
113 ........│└─┘│┌─┘└┐│└┘│.┌┐┌┐│└┘│││││└┐│┌┘└┘┌┘└┐│└┐└┘┌─┘┌─┐│┌────┐││┌┐┌─┐│┌┘└┘└─┐┌─┘│││└┘┌┘└─┐┌┘└┐┌┐┌─┘└┘│└┐└┘│││.└─┘│└─┘└──┘┌┘..└┐│..........
112 ........└──┐│└──┐│└─┐└─┘└┘└┘┌─┘││││┌┘│└┐┌─┘┌─┘└┐└┐┌┘┌─┘┌┘└┘.┌┐.││└┘└┘.││└┐┌───┘└┐┌┘│└┐┌┘┌──┘└─┐││└┘┌┐┌─┘.└─┐└┘└─┐┌┐│┌──────┘....└┘..........
111 ..........┌┘└─┐┌┘└┐.└──────┐│.┌┘│││└┐│┌┘└┐┌┘┌─┐│┌┘└┐│┌─┘┌┐.┌┘└─┘└┐┌┐┌─┘│┌┘└─┐┌┐┌┘└─┘┌┘└┐└┐.┌┐.││└┐┌┘││┌┐.┌┐│┌┐┌─┘│││└───────┐┌┐.............
110 ........┌┐└──┐└┘┌┐└─┐┌─────┘└┐└┐││└─┘││┌─┘│┌┘┌┘││┌┐└┘│┌┐│└┐└───┐┌┘││└─┐└┘┌──┘│││┌───┘┌┐└┐└┐│└─┘└┐└┘┌┘││└┐││││└┘┌┐│││┌───────┘││┌──┐.........
109 ........││.┌┐└──┘└┐┌┘└───┐┌─┐└┐││└─┐┌┘│└─┐└┘.└┐│└┘└┐┌┘││└┐└┐┌──┘└┐││┌─┘┌─┘.┌┐│││└┐.┌┐││.│┌┘└──┐┌┘┌┐│┌┘└┐└┘└┘│┌─┘└┘└┘└─┐┌───┐┌┘└┘┌─┘.........
108 .......┌┘└─┘└─────┘└───┐.└┘.└┐└┘└──┘└┐│┌─┘┌─┐┌┘└┐┌┐││┌┘└┐│┌┘└───┐└┘│└┐┌┘┌─┐││││└┐└┐│└┘│┌┘└┐┌┐┌┘└┐│└┘└─┐│┌───┘└┐┌──┐┌─┐└┘┌─┐└┘┌──┘...........
107 .......└┐┌─────┐┌───┐┌┐└──┐┌┐└┐┌────┐│││┌┐└┐│└┐┌┘│││└┘┌─┘││┌┐┌┐.└─┐└┐││.│┌┘││││┌┘┌┘│┌─┘└─┐│││└┐┌┘└──┐┌┘││┌┐┌┐┌┘└─┐│└┐└┐┌┘┌┘┌┐└──┐...........
106 ......┌─┘│┌────┘│┌──┘│└┐┌┐└┘└─┘│┌───┘││└┘└┐││┌┘│┌┘││┌─┘┌─┘│││││┌┐.└┐└┘│┌┘└┐││││└┐└┐│└┐┌┐┌┘└┘│┌┘│┌─┐┌┘└┐│└┘└┘└┘┌┐┌┘└─┘.└┘.└─┘└─┐┌┘┌┐.........
105 ....┌┐└──┘└────┐││┌┐┌┘.│││┌┐┌──┘└───┐││┌──┘││└┐││┌┘││┌┐└┐┌┘││││││┌┐└─┐│└┐┌┘││││.│┌┘│┌┘││└┐┌─┘└┐││┌┘└┐┌┘│┌─────┘└┘.┌┐┌────┐.┌┐.└┘.││┌┐.┌┐....
104 ....││.┌┐┌┐.┌┐┌┘│││└┘┌─┘│││││┌──┐┌──┘│││┌┐┌┘└┐│││└┐│└┘│┌┘└┐││││││││┌┐││┌┘└┐││││┌┘└┐││┌┘└┐││┌┐┌┘││└┐┌┘└─┘└────┐┌──┐│││┌───┘┌┘└─┐┌─┘││└─┘│....
103 ....│└─┘└┘└─┘└┘┌┘└┘.┌┘┌┐│││││└─┐│└─┐I└┘└┘││┌─┘│││I│└─┐│└─┐││││││││││└┘│└─┐└┘│││└┐┌┘││└─┐└┘└┘││I└┘┌┘└┐┌───────┘│┌─┘│└┘└──┐.└┐┌┐│└┐┌┘│┌──┘....
102 ....└┐┌─┐┌┐┌─┐┌┘┌┐┌─┘┌┘└┘└┘└┘┌─┘│┌┐└───┐I└┘└─┐│││┌┘┌┐││┌─┘││││││││└┘┌─┘┌┐└┐I└┘│┌┘└┐│└┐┌┘┌───┘└┐┌┐└┐┌┘│┌┐┌┐┌┐┌┐││┌─┘┌───┐└┐┌┘│└┘┌┘│.│└─┐.....
101 .....││.└┘││.└┘.││└──┘.┌┐┌┐┌─┘┌┐└┘└───┐└──┐┌┐│││││┌┘││└┘┌─┘│││││└┘┌┐│┌┐│└┐└──┐└┘┌┐││┌┘└┐└┐┌─┐┌┘│└─┘│I└┘└┘└┘└┘└┘└┘┌┐└──┐└┐││┌┘..└┐└─┘┌─┘┌┐...
100 .....││┌──┘│┌┐┌┐││┌┐.┌┐│└┘│└──┘└┐┌───┐└───┘│└┘││││└┐│└─┐└┐┌┘│││└┐┌┘└┘││└┐│┌─┐└┐┌┘└┘││┌┐└┐│└┐│└┐└┐┌┐└┐I┌┐I┌┐┌─────┘└───┘.└┘││┌┐┌┐│┌──┘┌─┘└┐..
 99 .....└┘└┐┌┐││└┘└┘└┘└─┘└┘┌─┘.┌┐┌┐└┘.┌─┘┌┐┌┐I└┐┌┘│││┌┘│┌┐└┐││┌┘││┌┘│┌─┐│└─┘└┘┌┘┌┘│┌─┐││││┌┘└┐││┌┘┌┘│└┐│┌┘└─┘└┘┌────────┐┌┐┌┐│││││││└─┐.└┐┌─┘..
 98 .....┌─┐└┘└┘└┐┌────────┐│.┌┐││││┌──┘I┌┘└┘└─┐│└┐││││┌┘│└─┘└┘└─┘││┌┘│┌┘└──┐┌┐└─┘┌┘│┌┘│││└┘I┌┘│││┌┘┌┘I└┘└────┐┌┘┌──────┐└┘││││││└┘└┘┌┐└┐.│└┐...
 97 .....└┐│┌─┐┌┐└┘┌───────┘└┐││││││└────┘┌┐┌┐┌┘└─┘││││└┐└─┐┌┐┌──┐│││┌┘│┌┐┌┐└┘└──┐└┐│└┐││└─┐┌┘┌┘│││┌┘┌─┐┌┐┌───┘│┌┘.┌──┐.└──┘│││││┌──┐│└┐└─┘┌┘...
 96 ....┌─┘│└┐│││┌┐└────────┐└┘└┘└┘└┐┌────┘└┘└┘┌──┐└┘└┘┌┘┌┐└┘││┌┐└┘│││┌┘│││└┐┌┐┌┐└┐││I└┘└┐┌┘└─┘┌┘│││I└┐│││└────┘└─┐└┐┌┘┌┐.┌┐│││││└─┐└┘.│┌──┘....
 95 ....└─┐└─┘└┘└┘└─┐┌┐┌┐.┌─┘┌┐┌─┐┌┐└┘┌┐┌──────┘┌─┘┌─┐I└┐││┌┐│└┘└┐┌┘│││┌┘││┌┘│└┘│┌┘││┌───┘└───┐└─┘││┌─┘└┘└────────┘┌┘│.││┌┘└┘└┘└┘┌─┘.┌┐└┘┌┐┌┐...
 94 .┌────┘┌┐┌─┐┌┐┌┐└┘└┘│┌┘┌┐│││.└┘└──┘└┘┌┐┌───┐└─┐│┌┘┌┐└┘││└┘┌──┘└┐│││└┐└┘└┐└─┐││I││└──┐┌┐┌──┘┌─┐└┘└──────┐┌┐┌─┐┌┐└┐└─┘└┘┌─┐┌┐┌─┘.┌┐││.┌┘└┘│...
 93 .└─┐┌┐┌┘│└┐││└┘└───┐└┘┌┘└┘└┘┌┐┌┐┌────┘└┘I┌┐└──┘││┌┘└─┐│└┐I└──┐┌┘└┘│┌┘┌┐I│┌─┘│└┐└┘┌──┘│││I┌┐└┐│┌┐┌┐┌┐┌─┐└┘└┘┌┘│└┐│┌────┘.└┘└┘.┌┐│└┘└─┘┌─┐└──┐
 92 ...││││┌┘┌┘└┘┌┐.┌──┘┌┐│.┌┐┌┐│└┘│└────┐┌─┐│└──┐┌┘└┘┌┐┌┘└┐└┐┌┐I│└──┐└┘I│└─┘└┐┌┘┌┘┌┐└┐┌┐││└─┘│┌┘└┘└┘└┘││┌┘┌┐┌┐└─┘┌┘│└─┐┌┐┌┐┌─┐┌─┘└┘┌─┐┌─┘.└┐┌─┘
 91 ...││└┘└─┘.┌─┘└┐└───┘││┌┘│││└─┐│.┌┐┌┐│└┐││┌┐┌┘│┌──┘│└┐I└┐││└─┘┌┐┌┘┌──┘┌┐┌─┘│┌┘┌┘│┌┘│││└┐┌┐│└┐┌┐┌┐┌┐└┘└─┘└┘└┐┌┐└─┘┌─┘│││││┌┘│┌──┐└┐└┘┌┐..└┘..
 90 ...└┘..┌───┘┌─┐└────┐└┘└┐└┘└──┘└─┘└┘│└─┘└┘│└┘┌┘└──┐│┌┘┌─┘│└─┐┌┘└┘I└┐┌┐││└─┐│└┐└┐└┘┌┘││┌┘│└┘┌┘│││││└┐┌──┐┌─┐└┘└┐┌┐└──┘└┘└┘└─┘└┐.└─┘.┌┘└┐.....
 89 .......└┐┌┐┌┘┌┘┌┐┌─┐│.┌┐└────────┐┌┐│┌┐┌─┐└──┘┌┐┌┐│└┘┌┘┌┐└┐┌┘│I┌──┐││└┘│┌─┘└┐└┐│┌┐└┐││└┐└─┐└┐│││└┘┌┘└┐┌┘│┌┘┌┐.└┘│┌┐┌─────────┘┌┐.┌┐│┌─┘┌┐┌┐.
 88 ........└┘└┘┌┘┌┘││┌┘└─┘└───┐┌┐┌┐┌┘││└┘└┘I└──┐┌┘└┘│└─┐└┐││┌┘└┐└─┘┌─┘││┌─┘└──┐│┌┘└┘└┐││└┐│┌┐└┐└┘│└┐I└──┘└─┘└─┘└┐┌┐└┘│└──────────┘└─┘└┘└──┘└┘└┐
 87 ............└┐│┌┘│└─┐┌┐┌──┐└┘└┘└┘┌┘└─┐┌┐┌──┐└┘┌┐I└──┘┌┘││└┐I│┌──┘I┌┘│└┐┌┐┌─┘└┘I┌─┐││└─┘└┘│┌┘┌┐└─┘┌┐┌───┐I┌───┘│└─┐│┌┐┌┐┌─┐┌─┐┌──┐┌┐┌┐┌──┐┌─┘
 86 .......┌─┐...└┘└─┘.┌┘│└┘┌┐└─┐┌┐┌┐│┌──┘│││┌─┘┌─┘└┐┌┐┌┐└─┘│┌┘┌┘└───┐│┌┘┌┘││└─┐I┌┐└┐└┘└────┐└┘┌┘└─┐I││└──┐│┌┘┌───┘┌─┘└┘││└┘.└┘┌┘└─┐│││││└─┐││..
 85 .......└┐└────┐.┌──┘┌┘┌─┘└──┘│││└┘└───┘└┘└─┐│┌─┐└┘└┘│┌─┐││┌┘┌┐┌┐┌┘└┘┌┘┌┘│┌┐│┌┘└─┘┌─┐┌┐┌─┘I┌┘┌─┐└─┘└──┐││└─┘┌┐┌┐└──┐.│└────┐└┐┌┐│└┘└┘└──┘└┘..
 84 .......┌┘┌─┐┌─┘.└┐┌─┘.└───┐┌┐│││┌───┐┌┐┌┐┌─┘││I└─┐┌─┘│┌┘└┘└┐│││││┌┐┌┘┌┘I└┘└┘│┌┐┌┐│I└┘│└┐┌┐└─┘I└┐┌┐┌─┐└┘└───┘└┘└┐┌┐└┐│┌─┐┌─┘┌┘││└┐┌┐.........
 83 .......└─┘.││┌┐┌┐└┘┌─────┐└┘└┘└┘└──┐└┘│││└──┘└┐┌┐└┘┌┐│└┐┌┐┌┘│└┘│└┘│└┐└───┐II└┘│││└─┐I└─┘││┌─┐┌┐└┘└┘I└─┐┌──────┐└┘└─┘└┘┌┘└─┐└─┘└┐└┘└┐........
 82 .........┌─┘└┘└┘└─┐└────┐└───┐.┌──┐└─┐│││┌─┐┌┐└┘└┐I│││┌┘││└┐└─┐│┌┐│I└┐┌──┘IIII└┘│┌─┘┌───┘└┘┌┘││I┌┐┌───┘│I┌┐┌─┐└──┐┌──┐└───┘┌┐┌┐└───┘........
 81 .........└┐┌┐┌───┐│┌─┐┌┐└───┐└┐└─┐│┌─┘└┘││┌┘│└┐┌┐└─┘└┘└─┘└┐└┐┌┘│││└┐┌┘└──┐III┌┐┌┘└┐I└─────┐└┐││┌┘└┘┌──┐│┌┘└┘.└┐┌┐└┘┌┐└┐┌───┘└┘└───┐.........
 80 ..........└┘││┌─┐││└┐└┘│┌┐┌┐└┐│┌┐│└┘┌┐┌┐└┘└┐└┐│││┌───┐┌─┐┌┘I└┘┌┘│└─┘└┐┌──┘II┌┘│└──┘┌┐I┌┐┌─┘┌┘││└───┘┌─┘│└───┐┌┘│└┐┌┘└─┘│┌─┐┌──┐┌──┘.........
 79 ...........┌┘│└┐└┘│.└─┐││└┘└─┘│││└──┘└┘└┐┌─┘┌┘└┘│└──┐││┌┘│IIII└┐└┐┌──┘└─┐III└┐│┌┐┌┐││┌┘││┌┐└─┘└─┐┌──┘┌─┘┌───┘│┌┘┌┘│┌───┘└┐│└─┐└┘............
 78 ...........└─┘.└─┐└───┘└┘┌───┐│││┌┐┌┐┌─┐│└┐┌┘┌──┘┌─┐│││└┐└┐III┌┘┌┘└─┐┌──┘II┌─┘└┘└┘│││└┐│││└─┐┌─┐└┘┌──┘┌┐└──┐.└┘.└┐││┌┐┌┐┌┘│┌┐│..............
 77 .........┌─────┐.└────┐┌┐│┌┐┌┘└┘└┘└┘└┘I└┘I││I└──┐└┐└┘└┘I│┌┘III└─┘III││IIIII└───┐┌┐└┘└┐││└┘┌─┘└┐└┐┌┘┌──┘│I┌┐└┐.┌┐.└┘││└┘└┘.└┘└┘..............
 76 .........└────┐└───┐┌┐│││││└┘┌─┐┌┐┌────┐┌┐└┘┌──┐└┐└────┐││IIIIIIII┌─┘└┐II┌┐I┌┐┌┘│└──┐└┘└─┐└┐┌─┘I└┘I└┐┌┐└─┘└─┘┌┘│┌┐┌┘└──┐┌┐┌─┐...............
 75 ....┌┐....┌┐┌─┘┌──┐└┘└┘│└┘└──┘.││││┌───┘│└──┘┌┐└┐└┐┌─┐┌┘└┘IIIIIIII└───┘II││┌┘│└─┘I┌┐└──┐┌┘I└┘┌┐┌───┐││└┐┌┐┌─┐└┐││││┌───┘│││┌┘...............
 74 ....│└┐.┌┐││└──┘┌┐│┌┐┌─┘┌─────┐└┘└┘│┌───┘┌───┘└─┘┌┘│I└┘┌┐┌┐┌┐IIIIIIIIIIII││└┐│┌┐┌┐│└─┐┌┘└┐┌─┐││└─┐┌┘││┌┘│││┌┘┌┘└┘└┘└┐┌──┘└┘└┐...............
 73 ....└┐└─┘└┘└┐.┌─┘└┘│└┘┌┐└────┐│.┌─┐└┘┌───┘┌─┐┌──┐└┐└──┐│││││└┐IIIIIIIIII┌┘└─┘└┘└┘└┘┌┐│└─┐└┘┌┘│└┐┌┘└┐││└─┘└┘└─┘┌─┐┌─┐└┘┌─────┘....┌┐.........
 72 .....└┐┌┐┌─┐└┐└───┐│┌─┘└─────┘└┐└┐│┌┐└────┘┌┘│┌─┘I└───┘│││││┌┘I┌┐I┌┐III┌┘┌─┐┌─┐┌┐┌┐│││┌─┘┌┐└┐└┐│└┐┌┘└┘┌────┐┌┐└┐└┘.└─┐└───────┐┌┐││┌───┐....
 71 .....┌┘│└┘.└┐└─┐┌┐││└─┐┌─┐┌─┐┌┐└┐│└┘└───┐┌─┘I││┌┐┌┐I┌─┐│└┘└┘└──┘└─┘└┐II└─┘┌┘└┐││└┘└┘│└┘┌┐│└┐└─┘└─┘│┌┐┌┘┌──┐││└─┘.┌──┐└───┐┌──┐││└┘││┌──┘....
 70 .....└┐└┐┌┐.└─┐└┘│└┘┌─┘│.└┘┌┘│└┐└┘┌────┐│└──┐││││││┌┘┌┘└┐┌─────────┐│IIIII│┌─┘└┘I┌──┘┌┐│└┘I└──┐┌─┐└┘└┘┌┘┌─┘└┘.┌┐┌┘┌┐└───┐││┌┐└┘└─┐││└┐......
 69 .....┌┘┌┘││.┌┐└─┐└──┘┌┐│┌──┘┌┘.└┐┌┘┌┐┌─┘└───┘│││││└┘┌┘I┌┘└─┐┌─────┐└┘IIII┌┘└┐┌───┘┌┐┌┘└┘┌┐┌───┘└┐└┐┌──┘I└┐┌┐.┌┘└┘┌┘│┌───┘│└┘└┐┌─┐│││┌┘......
 68 .....└─┘┌┘└─┘└──┘┌───┘└┘└───┘...└┘.│└┘┌┐┌┐I┌┐│││└┘┌─┘┌┐└┐┌─┘│┌─┐┌┐│IIIII┌┘┌┐│└───┐│└┘┌┐┌┘└┘┌┐┌──┘┌┘│┌───┐└┘└─┘┌┐┌┘┌┘└─┐┌┐└───┘│┌┘│└┘└┐┌┐....
 67 ........│┌┐┌──┐┌┐│┌┐.┌┐┌──┐┌─┐.┌┐┌┐└─┐││││┌┘└┘└┘┌┐└──┘└─┘└──┘└┐│││└┐IIII└─┘││I┌┐I└┘┌─┘└┘┌─┐│││┌─┐└─┘│┌─┐│┌─┐┌┐│└┘.│┌─┐└┘│.┌┐.┌┘└┐│┌─┐└┘└─┐..
 66 ........└┘└┘┌┐└┘└┘││┌┘│└─┐└┘┌┘┌┘└┘└──┘││││└┐┌─┐┌┘│┌┐┌─┐┌──┐┌──┘└┘└─┘IIIIIII└┘┌┘│┌──┘┌─┐┌┘I││││└┐└─┐I└┘┌┘│└┐└┘│└──┐└┘.└─┐└┐│└─┘┌┐└┘└┐│┌─┐┌┘..
 65 ..........┌─┘└┐┌┐.││└┐└─┐└┐┌┘┌┘┌──────┘└┘└─┘└┐└┘I└┘└┘┌┘└─┐│└────────┐IIIIIIII└┐│└─┐┌┘┌┘│I┌┘│││┌┘┌┐└┐┌┐└┐└─┘.┌┘┌─┐└────┐└┐└┘┌──┘└┐┌─┘└┘.└┘...
 64 ..........└──┐│││┌┘│.│┌─┘┌┘└─┘┌┘┌────────┐┌─┐└─┐┌───┐└───┘│┌┐┌─┐┌───┘IIIIIIII┌┘└──┘└┐└┐│┌┘┌┘└┘│┌┘└┐└┘└─┘┌┐┌┐└┐│.└─┐┌┐┌┘.│┌┐│┌──┐││.┌┐.......
 63 ..........┌┐┌┘└┘│└┐│┌┘└──┘┌───┘.└───────┐││┌┘┌┐└┘┌─┐└────┐└┘└┘I└┘IIIII┌┐IIIII└───┐┌┐│┌┘│└─┘I┌┐└┘┌┐└─┐┌──┘└┘└┐│└──┐└┘│└─┐│││└┘┌─┘│└─┘└┐......
 62 ........┌┐││└┐┌┐└─┘│└─────┘┌────────────┘└┘└─┘└─┐└┐│┌─┐┌┐└─┐┌─┐IIIII┌─┘│IIIIII┌──┘│└┘└┐│┌┐┌─┘└──┘└──┘└┐┌────┘└──┐└─┐│┌┐││││┌┐└─┐└┐┌──┘......
 61 .....┌┐┌┘└┘└─┘│└──┐│.┌───┐.└───┐┌────────┐┌────┐└─┘│└┐││└──┘└┐│IIIII└┐┌┘I┌─┐II└┐┌┐└┐┌┐└┘│└┘┌┐┌─┐┌┐┌─┐┌┘│┌┐┌───┐.└──┘└┘└┘└┘││└──┘┌┘└──┐......
 60 .....││└──────┘┌──┘└─┘┌─┐└┐┌───┘│┌──────┐└┘┌──┐└──┐└─┘└┘┌┐┌┐I│└┐IIIII│└─┐└┐└┐┌─┘│└─┘│└──┘┌┐││└┐└┘││┌┘│┌┘│└┘┌─┐└┐┌─┐┌─────┐│└──┐┌┘┌─┐┌┘......
 59 ..┌┐.│└┐┌─────┐└──┐┌─┐│.└┐│└─┐┌─┘│┌────┐│┌┐└─┐└───┘┌┐┌─┐││││┌┘┌┘┌┐┌┐I│┌─┘I│┌┘└──┘┌──┘┌─┐┌┘││└┐│┌─┘│└┐│└─┘┌┐└┐└┐└┘┌┘└┐┌───┘└───┘└─┘.└┘.......
 58 ..│└─┘┌┘└────┐│.┌─┘└┐││┌─┘└┐.└┘┌┐└┘┌─┐┌┘└┘└──┘I┌┐┌┐││└┐│││││└┐└─┘││└─┘│┌┐┌┘└───┐I└──┐└┐└┘I│└┐└┘└─┐│I││┌──┘└┐└┐│┌─┘┌─┘└───┐┌┐┌┐.┌────┐.......
 57 ..│┌─┐└┐.┌┐.┌┘└┐│┌┐┌┘└┘└┐┌┐└──┐││┌┐└┐└┘┌┐I┌─┐I┌┘└┘└┘└┐│││└┘└┐│┌──┘└──┐││││┌────┘I┌─┐└─┘I┌─┘┌┘┌───┘└┐└┘└───┐│┌┘│└─┐│┌────┐└┘└┘│┌┘┌───┘.......
 56 ..└┘.└┐└┐│└─┘┌┐└┘│└┘.┌─┐└┘└┐┌┐└┘└┘└─┘I┌┘└┐└┐└─┘┌─────┘│└┘┌──┘│└──┐┌┐┌┘└┘└┘└────┐I└┐│┌───┘┌┐└┐└┐┌───┘┌┐I┌──┘└┘.└─┐└┘└──┐.└────┘│┌┘...........
 55 ....┌┐└┐│└─┐┌┘└──┘.┌┐│┌┘┌┐┌┘││┌┐┌┐┌┐I┌┘┌┐└─┘┌─┐└────┐I└─┐│┌┐I└┐┌─┘││└──┐┌──────┘┌┐││└┐┌─┐│└─┘┌┘│┌───┘└─┘┌┐┌┐┌┐┌┐└┐┌──┐└┐┌┐┌─┐.│└─┐..........
 54 .┌──┘│.││┌┐└┘.┌─┐┌┐││││┌┘│└─┘└┘└┘└┘└─┘┌┘│┌──┘I└─┐┌──┘┌──┘└┘│┌┐││┌┐││┌┐┌┘└┐┌┐┌┐┌┐│└┘│I└┘I└┘I┌┐└─┘└───────┘└┘└┘└┘└┐│└─┐│┌┘││└┐│┌┘┌┐└─┐...┌┐...
 53 .└──┐│┌┘└┘│.┌┐└┐└┘└┘││││┌┘.┌─┐┌┐┌┐.┌─┐└┐│└─────┐└┘┌─┐└──┐┌─┘│└┘││││└┘│└─┐└┘└┘│││└─┐│┌┐┌─┐┌─┘└┐┌───────────┐┌────┘└┐┌┘└┘.│└┐││└┐│└──┘...│└┐..
 52 ..┌─┘││┌─┐└─┘│.└───┐└┘│││┌┐└┐││└┘└─┘I│┌┘└──┐┌──┘┌┐└┐│┌┐┌┘└┐I│┌─┘│└┘┌─┘┌─┘┌───┘│└┐I│││││┌┘└─┐┌┘└┐┌────┐┌──┐└┘.┌┐.┌┐└┘┌┐┌┐│┌┘││.│└─┐┌┐┌┐┌┘┌┘..
 51 ..└─┐│└┘.└──┐└────┐└─┐└┘│││┌┘││┌────┐│└───┐│└─┐┌┘└─┘││││┌─┘┌┘│┌┐│┌─┘┌┐└─┐└┐┌┐┌┘┌┘┌┘└┘└┘└─┐┌┘└┐I└┘I┌──┘│┌┐└──┐│└┐│└┐┌┘││││└─┘└┐│┌─┘│││└┘┌┘...
 50 ...┌┘└─┐┌───┘┌─┐┌─┘┌┐│┌┐││└┘┌┘└┘┌─┐┌┘│┌┐┌─┘└──┘└─┐┌┐└┘│││┌┐└┐│││││┌┐││┌┐└┐│││└┐│I└─────┐┌┘│┌─┘┌───┘┌──┘│└─┐┌┘│┌┘│┌┘└┐││││┌───┘││┌┐│││┌─┘....
 49 ...└──┐│└─┐┌─┘.││┌┐││└┘││└─┐│┌┐.└┐│└┐││└┘I┌────┐I└┘└┐┌┘│└┘│┌┘└┘└┘││││└┘└┐│└┘│┌┘│┌┐┌┐┌┐┌┘└┐││┌┐└────┘┌┐┌┘┌┐└┘.│└─┘└─┐││││││.┌──┘└┘└┘└┘└─┐....
 48 ...┌──┘└──┘│┌──┘└┘│││┌─┘│┌┐││││┌┐│└─┘││┌──┘┌┐┌─┘┌──┐│└┐│┌─┘└──┐┌─┘│└┘┌──┘└┐┌┘│┌┘│└┘└┘│└┐┌┘│││└┐┌┐┌──┘└┘┌┘└──┐│┌┐┌──┘││││││┌┘┌┐┌┐┌─┐┌─┐┌┘....
 47 .┌─┘┌┐┌────┘└────┐└┘│└─┐└┘└┘└┘└┘└┘┌┐I││└┐┌─┘└┘┌┐└─┐└┘┌┘│└┐┌┐┌┐│└┐┌┘┌─┘┌─┐I│└┐│└┐└───┐│I││I│└┘┌┘││└─────┘┌───┘││└┘┌┐┌┘└┘└┘└┘┌┘└┘└┘.└┘.└┘.....
 46 .└──┘││.┌────────┘┌┐└──┘┌┐┌─────┐┌┘└┐││┌┘└───┐│└─┐└─┐│┌┘┌┘│││└┘┌┘└┐│┌┐└┐└┐│┌┘└┐└┐┌┐┌┘│┌┘└┐└─┐└─┘└┐┌┐┌──┐└──┐.│└┐┌┘│└┐┌──┐┌┐└┐┌──┐.┌┐.┌┐┌┐...
 45 .┌┐..└┘┌┘┌─┐┌───┐┌┘└─┐┌┐│││┌────┘│┌─┘└┘└┐┌───┘└┐┌┘┌┐│└┘┌┘I│││┌─┘I┌┘│││I│┌┘│└┐I│┌┘││└┐││┌─┘┌─┘┌──┐└┘│└─┐└──┐└─┘┌┘└┐└─┘└─┐└┘└┐││┌─┘┌┘└─┘└┘│...
 44 ┌┘└───┐└─┘.└┘.┌─┘│┌─┐││││└┘│┌─┐┌─┘└┐┌┐┌┐│└─┐┌─┐│└┐│││┌─┘I┌┘└┘└┐┌┐└┐│││┌┘└┐│┌┘┌┘└┐││┌┘└┘└┐I└──┘I┌┘┌┐└─┐└──┐│┌─┐└──┘┌─┐┌┐└┐┌─┘└┘└──┘┌┐┌┐┌─┘...
 43 └────┐│┌┐┌────┘┌─┘└┐│││└┘┌─┘│.└┘.┌─┘│└┘└┘┌┐││┌┘└┐││└┘└┐┌┐└┐┌──┘│└┐│└┘││┌─┘││┌┘┌─┘││└───┐└┐┌─┐┌┐│┌┘└─┐└┐I┌┘└┘.│┌──┐└┐└┘└─┘└──┐┌┐┌──┘└┘└┘.....
 42 .┌───┘└┘└┘┌┐┌─┐│┌──┘└┘└─┐└┐┌┘┌───┘┌─┘┌───┘└┘││┌┐││└──┐└┘│┌┘│┌┐I└┐│└─┐└┘│┌─┘│└┐└─┐││┌─┐I│┌┘│┌┘││└┘┌┐I└┐└┐└───┐│└─┐└┐│┌┐┌┐┌┐┌─┘││└─────┐┌┐....
 41 .│┌┐┌┐┌┐┌─┘└┘┌┘│└────┐┌─┘.└┘.└────┘┌─┘┌─┐┌┐┌┘│││││I┌┐│┌─┘└┐└┘│┌┐││┌┐│┌─┘└─┐│┌┘┌─┘││└┐│┌┘└─┘│┌┘└┐I│└─┐└┐└──┐┌┘│┌─┘┌┘└┘└┘└┘│└┐┌┘│┌─┐┌─┐└┘│....
 40 .└┘└┘││││.┌──┘┌┘┌────┘└─┐┌────────┐└──┘┌┘│││┌┘│└┘└┐│└┘│┌┐┌┘┌─┘│└┘││└┘└┐┌┐┌┘│└┐└──┘│┌┘│└┐┌┐┌┘│┌─┘┌┘┌┐└┐└┐┌┐│└┐│└─┐│┌─┐┌───┘.││.└┘.└┘.└──┘....
 39 .....└┘││┌┘┌┐┌┘.└────┐┌┐│└──┐┌───┐└────┘I│└┘│┌┘┌──┘└─┐││││┌┘┌┐└─┐└┘┌──┘│└┘┌┘┌┘┌───┘└┐└─┘│└┘I││┌┐│┌┘└─┘I└┘││┌┘│┌┐│││┌┘└────┐│└──────────┐....
 38 .....┌─┘│└┐│││┌─┐┌──┐└┘└┘┌──┘│┌─┐└─────┐┌┘┌┐│└┐└┐┌┐┌┐│└┘││└┐│└─┐└┐┌┘I┌┐│┌┐│I│┌┘┌┐I┌┐└──┐└┐┌┐│││││└┐I┌┐┌──┘└┘.└┘└┘└┘└┐┌┐┌─┐││┌─┐┌───┐┌┐┌┘....
 37 .....└┐┌┘.└┘│││┌┘└─┐│┌┐┌┐└─┐┌┘└┐│.┌────┘└┐│└┘┌┘┌┘│└┘│└─┐││┌┘└─┐│I│└─┐││└┘│└┐│└┐│└─┘└┐┌┐│┌┘││││││└┐└┐││└──┐┌┐.┌─┐.┌┐.││└┘┌┘│││.││┌┐.└┘│└┐....
 36 ......└┘.┌──┘││└┐.┌┘└┘│││┌┐└┘┌─┘└┐└───┐┌┐││┌┐│┌┘I│┌─┘┌─┘└┘│┌┐┌┘└┐└─┐││└┐┌┘┌┘│┌┘│┌┐┌─┘│││└┐││││││┌┘┌┘│└─┐┌┘│└─┘┌┘┌┘└─┘└┐.└─┘││┌┘└┘└─┐.└─┘....
 35 .........└───┘└┐└─┘┌─┐└┘│││┌┐└──┐└────┘││││││││┌┐││┌┐└──┐┌┘││└┐┌┘┌┐│││┌┘└┐│I││I││└┘┌┐│││┌┘││││││└┐│I└─┐│└─┘┌┐┌┘.└──┐┌┐└┐┌┐.└┘│┌─┐┌─┘........
 34 .........┌────┐└┐┌┐└┐└─┐└┘└┘└───┘┌┐┌─┐┌┘│││││││││││││┌─┐││┌┘│┌┘│┌┘│││││┌─┘└┐│└┐│└┐┌┘││└┘│┌┘└┘││└┐││┌┐┌┘└┐┌─┘└┘..┌┐┌┘│└┐└┘└─┐┌┘│┌┘│┌┐.┌┐.....
 33 .........│┌──┐└─┘│└┐│┌─┘┌──┐┌┐┌─┐│││┌┘└┐││└┘└┘││││││││┌┘│││.└┘┌┘└┐│││││└──┐││.│└┐││┌┘│┌─┘│┌┐┌┘│┌┘│││││┌─┘└─┐┌┐.┌┘││┌┘.└┐┌──┘└┐│└┐└┘└─┘└┐....
 32 .........└┘┌┐└──┐│.└┘└──┘┌─┘│││┌┘│││└┐┌┘││┌───┘│││││││└┐││└─┐┌┘┌┐│││││└┐┌┐│││┌┘┌┘└┘└┐│└─┐└┘│└─┘└┐││││││┌┐┌┐└┘└─┘┌┘│└┐.┌┘└──┐.│└┐└┐┌┐┌┐┌┘....
 31 ........┌──┘└───┘└┐.┌┐┌──┘┌┐│└┘└┐││└┐││┌┘││┌─┐┌┘││││││.││└┐┌┘└┐│││└┘││.││││││└┐└─┐┌┐││┌─┘┌┐└─┐┌─┘│└┘└┘│││││┌┐┌─┐└┐│┌┘┌┘┌┐┌┐└┐│┌┘.││└┘└┘.....
 30 ......┌─┘┌┐┌────┐┌┘┌┘└┘┌┐┌┘└┘┌──┘││┌┘││└┐│││┌┘└┐││││││┌┘└┐│└┐┌┘││└─┐└┘┌┘││││└┐└┐┌┘│└┘││┌┐││┌┐││┌┐└───┐││└┘│││└┐│┌┘└┘┌┘┌┘│││┌┘└┘.┌┘└┐........
 29 ......└┐┌┘└┘.┌──┘└┐│┌┐┌┘││.┌┐└─┐┌┘│└┐││.││││└┐┌┘└┘└┘└┘└┐┌┘└┐│└┐││┌┐└─┐│┌┘└┘└─┘┌┘└┐└┐┌┘││││││└┘└┘└┐┌─┐││└─┐││└┐││└──┐│┌┘.││└┘┌┐..└┐┌┘........
 28 .......└┘...┌┘┌┐┌┐│└┘└┘┌┘│┌┘│┌─┘└┐│┌┘│└┐└┘└┘.││┌┐┌┐┌───┘└─┐└┘.└┘│││┌┐││└┐┌────┘┌┐└┐└┘.│││││└┐┌───┘└┐│││┌─┘│└┐│││┌──┘││┌┐│└──┘│...└┘.........
 27 ............└─┘└┘└┘.┌──┘┌┘└┐│└┐┌┐││└┐└─┘.┌┐.┌┘└┘└┘│└───┐┌┐│┌┐.┌─┘││││││┌┘│┌┐┌─┐│└┐└──┐└┘│││┌┘└───┐┌┘│││└─┐│┌┘│││└──┐│└┘││┌──┐└─┐............
 26 ................┌┐┌┐└─┐┌┘.┌┘└─┘│└┘│┌┘.┌──┘└─┘┌┐┌─┐│┌───┘││└┘└┐│┌┐│││└┘└┘.││││┌┘│┌┘┌─┐└┐┌┘││└┐┌───┘└┐│││┌┐│└┘.└┘└┐┌─┘│┌─┘│└─┐│┌─┘............
 25 ...............┌┘└┘└─┐└┘┌┐└─┐┌┐│┌─┘└┐┌┘┌─┐┌┐┌┘│└┐││└┐┌─┐││┌─┐│└┘│││└─┐┌──┘││││┌┘│┌┘┌┘┌┘└─┘│┌┘│┌┐┌┐┌┘└┘└┘│└──┐┌──┘└─┐│└─┐│┌─┘│└─┐............
 24 ..............┌┘┌─┐┌┐└──┘└──┘│└┘│┌┐┌┘│┌┘┌┘│││┌┘┌┘││┌┘└┐│││└┐││┌─┘││┌─┘└┐┌─┘│││└┐│└┐└┐└───┐└┘┌┘││││└────┐│┌──┘└──┐┌─┘└┐┌┘└┘.┌┘┌─┘............
 23 ..............└┐│.└┘└┐┌─┐┌──┐└┐┌┘││└┐││.└┐│││└┐│.│││┌─┘│││┌┘││└┐┌┘│└─┐┌┘└─┐└┘│┌┘│┌┘.└─┐┌┐└─┐└┐│││└┐┌─┐┌┘└┘.┌─┐┌─┘└──┐││┌┐..└┐└┐.............
 22 ...............││┌┐┌─┘│┌┘│┌─┘┌┘└┐││┌┘└┘┌─┘│││┌┘└┐│││└─┐│││└┐││┌┘│┌┘┌─┘│┌┐┌┘.┌┘│┌┘└─┐.┌┘││┌┐│┌┘││└┐│└┐│└────┘┌┘│┌┐┌─┐││└┘└─┐.│┌┘.............
 21 ...............└┘│└┘┌┐│└┐│└┐┌┘┌─┘│││.┌─┘┌┐││││┌┐│││└─┐│││└┐│││└┐│└┐└─┐│││└─┐│┌┘└┐┌─┘┌┘┌┘││└┘└┐││┌┘└─┘│┌┐┌───┘.└┘││.└┘│┌──┐└┐││..............
 20 .................│┌┐│└┘.└┘┌┘└┐│┌┐│││┌┘┌─┘└┘└┘││││└┘.┌┘│││.└┘││┌┘│┌┘┌┐│││└┐┌┘││┌─┘└┐┌┘┌┘┌┘└┐.┌┘││└┐.┌┐│││└─────┐┌┘└──┐│└┐.│┌┘││..............
 19 .................││└┘..┌──┘┌─┘└┘││││└┐│┌┐┌┐.┌┘││└──┐└┐││└──┐└┘└─┘└┐│└┘└┘┌┘└┐││└┐┌┐│└┐│┌┘┌┐│┌┘┌┘└─┘┌┘└┘││┌┐┌──┐│└───┐││┌┘.└┘.└┘..............
 18 .................└┘....└┐┌┐└┐┌┐.││└┘┌┘││└┘└─┘┌┘│┌┐┌┘.││└┐┌┐└┐┌────┘└───┐└┐┌┘│└┐└┘└┘.└┘└┐│││└┐└──┐┌┘┌─┐│└┘└┘.┌┘└───┐││││.....................
 17 ......................┌─┘│└┐└┘└┐│└┐.└─┘└──┐┌┐│┌┘│││┌─┘│.└┘│┌┘│┌┐┌─┐┌───┘.│└┐└┐│┌──────┐│││└┐│┌┐┌┘└─┘┌┘└┐┌┐┌┐└──┐┌─┘││└┘.....................
 16 ......................└──┘.└┐┌─┘└┐└─┐┌────┘│││└┐││││┌┐└─┐┌┘│┌┘│││┌┘│.┌──┐│┌┘┌┘││┌──┐┌┐└┘│└┐│└┘│└───┐└─┐││└┘└──┐└┘..└┘.......................
 15 .......................┌┐┌┐┌┘└──┐└─┐│└────┐│└┘┌┘││││││┌┐││┌┘│┌┘││└┐└─┘┌┐│└┘.└┐│││.┌┘│└┐┌┘┌┘│┌─┘┌──┐│┌─┘└┘┌──┐┌┘.............................
 14 ......................┌┘└┘└┘┌──┐└┐.│└┐┌───┘│┌┐└─┘││││││└┘││┌┘│┌┘└┐└┐┌─┘│└──┐.││││┌┘┌┘┌┘└┐│┌┘└─┐└┐.││└─┐┌┐└─┐└┘..............................
 13 ......................└─┐┌─┐└─┐└┐│.└─┘│┌┐┌┐└┘└──┐││└┘││┌─┘││┌┘│┌┐└┐│└─┐│┌─┐│┌┘│││└─┘.└┐┌┘└┘┌─┐└┐└┐└┘┌─┘│└──┘................................
 12 ........................││┌┘┌┐│.└┘..┌┐└┘││└─┐┌┐┌┘│└─┐│││┌┐│└┘.└┘│┌┘└─┐│││.││└─┘││┌────┘└─┐.└┐│.│┌┘┌─┘┌┐└───┐................................
 11 .....................┌──┘│└┐││└┐....││┌┐│└┐┌┘│││┌┘┌┐│└┘│││└─┐┌──┘└┐.┌┘│└┘.└┘...└┘└─┐┌─┐┌┐│┌┐││┌┘└┐└┐┌┘│┌───┘................................
 10 .....................└┐┌┐│.││└┐│....│└┘└┘┌┘│┌┘││└┐││└┐.└┘│┌┐│└─┐┌─┘.└┐│...........┌┘│┌┘││││└┘│└─┐└┐││.│└──┐.................................
  9 ......................││└┘.└┘.└┘....│┌┐┌┐└┐││┌┘│.│││┌┘...││└┘┌─┘└───┐└┘...........│┌┘│┌┘└┘└─┐└──┘┌┘└┘┌┘┌──┘.................................
  8 ......................└┘............││└┘│┌┘││└─┘.│││└┐...│└┐┌┘┌─┐┌┐┌┘.............└┘.└┘...┌─┘┌─┐┌┘...└┐│┌┐..................................
  7 ....................................└┘..└┘.└┘....└┘└─┘...└─┘│┌┘.└┘└┘......................└─┐└┐│└──┐..│└┘└┐.................................
  6 ............................................................└┘..............................└─┘└───┘.┌┘┌┐┌┘.................................
  5 .....................................................................................................└┐││└┐.................................
  4 .....................................................................................................┌┘│└┐└┐................................
  3 .....................................................................................................└┐│.└┐│................................
  2 ......................................................................................................││..└┘................................
  1 .....................................................................................................┌┘│....................................
  0 .....................................................................................................└─┘....................................